
> muslim-travel-planner@0.2.0 test
> rm -rf dist-test && tsc -p tsconfig.json --outDir dist-test && node scripts/run-tests.mjs

Discovered 28 compiled test files.
TAP version 13
# Subtest: iOS foreground location permission and portrait-only phone orientation are committed
ok 1 - iOS foreground location permission and portrait-only phone orientation are committed
  ---
  duration_ms: 25.085342
  type: 'test'
  ...
# Subtest: iOS launch screen uses the committed transparent multi-scale logo
ok 2 - iOS launch screen uses the committed transparent multi-scale logo
  ---
  duration_ms: 5.965133
  type: 'test'
  ...
# Subtest: offline navigation caches each page separately
not ok 3 - offline navigation caches each page separately
  ---
  duration_ms: 2.745218
  type: 'test'
  location: '/home/runner/work/muslim-travel-planner/muslim-travel-planner/dist-test/app-hardening.test.js:27:1'
  failureType: 'testCodeFailure'
  error: |-
    Expected values to be strictly equal:
    
    false !== true
    
  code: 'ERR_ASSERTION'
  name: 'AssertionError'
  expected: true
  actual: false
  operator: 'strictEqual'
  stack: |-
    TestContext.<anonymous> (file:///home/runner/work/muslim-travel-planner/muslim-travel-planner/dist-test/app-hardening.test.js:29:12)
    async Test.run (node:internal/test_runner/test:1054:7)
    async Test.processPendingSubtests (node:internal/test_runner/test:744:7)
  ...
# Subtest: native mobile networking and prayer notifications are configured
ok 4 - native mobile networking and prayer notifications are configured
  ---
  duration_ms: 7.529811
  type: 'test'
  ...
# Subtest: route bearings remain valid at exact waypoints and arrival
ok 5 - route bearings remain valid at exact waypoints and arrival
  ---
  duration_ms: 2.379763
  type: 'test'
  ...
# Subtest: fresh GPS position determines flight progress instead of the manual slider
ok 6 - fresh GPS position determines flight progress instead of the manual slider
  ---
  duration_ms: 2.335791
  type: 'test'
  ...
# Subtest: saved trips reject malformed nested itinerary data
ok 7 - saved trips reject malformed nested itinerary data
  ---
  duration_ms: 2.138723
  type: 'test'
  ...
# Subtest: safe storage falls back outside a browser
ok 8 - safe storage falls back outside a browser
  ---
  duration_ms: 0.278642
  type: 'test'
  ...
# Subtest: native and UI safeguards remain wired
ok 9 - native and UI safeguards remain wired
  ---
  duration_ms: 18.759035
  type: 'test'
  ...
# Subtest: French is available as a left-to-right app language
ok 10 - French is available as a left-to-right app language
  ---
  duration_ms: 1.141095
  type: 'test'
  ...
# Subtest: French core travel and Muslim-essential labels are translated
ok 11 - French core travel and Muslim-essential labels are translated
  ---
  duration_ms: 0.196989
  type: 'test'
  ...
# Subtest: French has an explicit translation for every interface label
ok 12 - French has an explicit translation for every interface label
  ---
  duration_ms: 16.310147
  type: 'test'
  ...
# Subtest: French structured labels are complete
ok 13 - French structured labels are complete
  ---
  duration_ms: 0.33648
  type: 'test'
  ...
# Subtest: halal Overpass endpoints include a global fallback without duplicates
ok 14 - halal Overpass endpoints include a global fallback without duplicates
  ---
  duration_ms: 1.899645
  type: 'test'
  ...
# Subtest: halal endpoints receive enough time to return on mobile networks
ok 15 - halal endpoints receive enough time to return on mobile networks
  ---
  duration_ms: 0.230331
  type: 'test'
  ...
# Subtest: halal request moves to the next service after a timeout
ok 16 - halal request moves to the next service after a timeout
  ---
  duration_ms: 2.293923
  type: 'test'
  ...
# Subtest: halal page starts nearby search and keeps legend controls accessible
not ok 17 - halal page starts nearby search and keeps legend controls accessible
  ---
  duration_ms: 11.936588
  type: 'test'
  location: '/home/runner/work/muslim-travel-planner/muslim-travel-planner/dist-test/halal-page-bootstrap.test.js:7:1'
  failureType: 'testCodeFailure'
  error: |-
    Expected values to be strictly equal:
    
    false !== true
    
  code: 'ERR_ASSERTION'
  name: 'AssertionError'
  expected: true
  actual: false
  operator: 'strictEqual'
  stack: |-
    TestContext.<anonymous> (file:///home/runner/work/muslim-travel-planner/muslim-travel-planner/dist-test/halal-page-bootstrap.test.js:11:12)
    async Test.run (node:internal/test_runner/test:1054:7)
    async startSubtestAfterBootstrap (node:internal/test_runner/harness:296:3)
  ...
# Subtest: halal classification accepts trimmed and common affirmative mapped values
ok 18 - halal classification accepts trimmed and common affirmative mapped values
  ---
  duration_ms: 1.018807
  type: 'test'
  ...
# Subtest: halal classification rejects explicit negatives even when padded or mixed case
ok 19 - halal classification rejects explicit negatives even when padded or mixed case
  ---
  duration_ms: 0.170679
  type: 'test'
  ...
# Subtest: default restaurant results show explicit legacy halal tags but not text-only possibilities
ok 20 - default restaurant results show explicit legacy halal tags but not text-only possibilities
  ---
  duration_ms: 4.666823
  type: 'test'
  ...
# Subtest: restaurant display names never leak prayer-space fallback text
ok 21 - restaurant display names never leak prayer-space fallback text
  ---
  duration_ms: 3.453493
  type: 'test'
  ...
# Subtest: wide-radius halal queries restrict every selector to food venues
ok 22 - wide-radius halal queries restrict every selector to food venues
  ---
  duration_ms: 0.272711
  type: 'test'
  ...
# Subtest: one-kilometre halal queries avoid expensive text scans
ok 23 - one-kilometre halal queries avoid expensive text scans
  ---
  duration_ms: 0.178704
  type: 'test'
  ...
# Subtest: cuisine filters are case-insensitive
ok 24 - cuisine filters are case-insensitive
  ---
  duration_ms: 0.3951
  type: 'test'
  ...
# Subtest: the real Al-Aqsa prayer query is converted to portable Overpass syntax everywhere
ok 25 - the real Al-Aqsa prayer query is converted to portable Overpass syntax everywhere
  ---
  duration_ms: 1.540503
  type: 'test'
  ...
# Subtest: unknown unsupported Overpass regular expressions fail before any request
ok 26 - unknown unsupported Overpass regular expressions fail before any request
  ---
  duration_ms: 1.205867
  type: 'test'
  ...
# Subtest: prayer request detection does not intercept unrelated Overpass requests
ok 27 - prayer request detection does not intercept unrelated Overpass requests
  ---
  duration_ms: 0.309089
  type: 'test'
  ...
# Subtest: prayer endpoint list removes duplicates and rejects unsafe custom endpoints
ok 28 - prayer endpoint list removes duplicates and rejects unsafe custom endpoints
  ---
  duration_ms: 1.062008
  type: 'test'
  ...
# Subtest: prayer search form-encodes the fixed query and fails over after provider outage
ok 29 - prayer search form-encodes the fixed query and fails over after provider outage
  ---
  duration_ms: 38.786844
  type: 'test'
  ...
# Subtest: HTTP 400 stops prayer failover so invalid app queries are not hidden
ok 30 - HTTP 400 stops prayer failover so invalid app queries are not hidden
  ---
  duration_ms: 1.144442
  type: 'test'
  ...
# Subtest: manual destination search falls back when Nominatim is unavailable
ok 31 - manual destination search falls back when Nominatim is unavailable
  ---
  duration_ms: 2.323748
  type: 'test'
  ...
# Subtest: an empty primary geocoding response also uses the fallback provider
ok 32 - an empty primary geocoding response also uses the fallback provider
  ---
  duration_ms: 1.744354
  type: 'test'
  ...
# Subtest: ordinary JSON requests keep the original single-provider behavior
ok 33 - ordinary JSON requests keep the original single-provider behavior
  ---
  duration_ms: 1.258865
  type: 'test'
  ...
# Subtest: app waits for bundled RTL shaping before loading map code
ok 34 - app waits for bundled RTL shaping before loading map code
  ---
  duration_ms: 12.395934
  type: 'test'
  ...
# Subtest: Arabic shaping plugin is local, licensed, and cached
ok 35 - Arabic shaping plugin is local, licensed, and cached
  ---
  duration_ms: 8.001066
  type: 'test'
  ...
# Subtest: Money page uses a searchable, contained currency picker instead of an always-visible long list
ok 36 - Money page uses a searchable, contained currency picker instead of an always-visible long list
  ---
  duration_ms: 7.926192
  type: 'test'
  ...
# Subtest: Money page removes the outer long currency chip list
ok 37 - Money page removes the outer long currency chip list
  ---
  duration_ms: 7.478201
  type: 'test'
  ...
# Subtest: Capacitor permission errors map to browser-compatible denied code
ok 38 - Capacitor permission errors map to browser-compatible denied code
  ---
  duration_ms: 1.277701
  type: 'test'
  ...
# Subtest: Capacitor timeout and browser numeric codes remain distinguishable
ok 39 - Capacitor timeout and browser numeric codes remain distinguishable
  ---
  duration_ms: 0.223308
  type: 'test'
  ...
# Subtest: native plugin error messages are preserved
ok 40 - native plugin error messages are preserved
  ---
  duration_ms: 0.207739
  type: 'test'
  ...
# Subtest: iOS notification permission state is checked instead of assumed
ok 41 - iOS notification permission state is checked instead of assumed
  ---
  duration_ms: 20.725795
  type: 'test'
  ...
# Subtest: invalid and far-future GPS timestamps fall back to route estimates
ok 42 - invalid and far-future GPS timestamps fall back to route estimates
  ---
  duration_ms: 2.178266
  type: 'test'
  ...
# Subtest: saved trips reject invalid timestamps, impossible dates, and impossible times
ok 43 - saved trips reject invalid timestamps, impossible dates, and impossible times
  ---
  duration_ms: 31.269705
  type: 'test'
  ...
# Subtest: itinerary generation remains usable when a city has no prayer place
ok 44 - itinerary generation remains usable when a city has no prayer place
  ---
  duration_ms: 1.805158
  type: 'test'
  ...
# Subtest: contains all required sample cities
ok 45 - contains all required sample cities
  ---
  duration_ms: 3.599396
  type: 'test'
  ...
# Subtest: each city has the required planner content
ok 46 - each city has the required planner content
  ---
  duration_ms: 0.653523
  type: 'test'
  ...
# Subtest: newly added city information is only Sample or Unverified
ok 47 - newly added city information is only Sample or Unverified
  ---
  duration_ms: 0.36865
  type: 'test'
  ...
# Subtest: generates prayer, attraction, travel, and halal-conscious meal items
ok 48 - generates prayer, attraction, travel, and halal-conscious meal items
  ---
  duration_ms: 26.051752
  type: 'test'
  ...
# Subtest: saved-trip repository saves, reopens, updates, renames, duplicates, deletes, and sorts trips
ok 49 - saved-trip repository saves, reopens, updates, renames, duplicates, deletes, and sorts trips
  ---
  duration_ms: 21.948363
  type: 'test'
  ...
# Subtest: saved-trip validation handles unsafe names, corrupted storage, unsupported schema, and write failure
ok 50 - saved-trip validation handles unsafe names, corrupted storage, unsupported schema, and write failure
  ---
  duration_ms: 9.550232
  type: 'test'
  ...
# Subtest: travel details validate, sanitize, sort, and protect private booking references
ok 51 - travel details validate, sanitize, sort, and protect private booking references
  ---
  duration_ms: 13.655915
  type: 'test'
  ...
# Subtest: saved trips migrate and duplicate travel details without regenerating itineraries
ok 52 - saved trips migrate and duplicate travel details without regenerating itineraries
  ---
  duration_ms: 6.522687
  type: 'test'
  ...
# Subtest: travel details are included in sharing and calendar export without private references
ok 53 - travel details are included in sharing and calendar export without private references
  ---
  duration_ms: 14.873743
  type: 'test'
  ...
# Subtest: travel details UI labels, print rules, and local handlers are wired
ok 54 - travel details UI labels, print rules, and local handlers are wired
  ---
  duration_ms: 41.451711
  type: 'test'
  ...
# Subtest: generates inclusive multi-day itineraries with dated unique items
ok 55 - generates inclusive multi-day itineraries with dated unique items
  ---
  duration_ms: 11.519017
  type: 'test'
  ...
# Subtest: generates one-day, two-day, and seven-day itineraries without overlaps
ok 56 - generates one-day, two-day, and seven-day itineraries without overlaps
  ---
  duration_ms: 9.911548
  type: 'test'
  ...
# Subtest: includes all prayers that fall inside selected daily hours
ok 57 - includes all prayers that fall inside selected daily hours
  ---
  duration_ms: 1.118313
  type: 'test'
  ...
# Subtest: early morning and evening schedules include only prayers inside available hours
ok 58 - early morning and evening schedules include only prayers inside available hours
  ---
  duration_ms: 1.658314
  type: 'test'
  ...
# Subtest: every itinerary item stays inside the selected daily hours
ok 59 - every itinerary item stays inside the selected daily hours
  ---
  duration_ms: 5.126333
  type: 'test'
  ...
# Subtest: multi-day replan changes only the intended day
ok 60 - multi-day replan changes only the intended day
  ---
  duration_ms: 8.979484
  type: 'test'
  ...
# Subtest: planner preferences affect attraction, prayer, restaurant, and travel choices
ok 61 - planner preferences affect attraction, prayer, restaurant, and travel choices
  ---
  duration_ms: 1.539261
  type: 'test'
  ...
# Subtest: counts itinerary dates across month and year boundaries
ok 62 - counts itinerary dates across month and year boundaries
  ---
  duration_ms: 0.124383
  type: 'test'
  ...
# Subtest: multi-day itinerary respects daily end time and distributes attractions
ok 63 - multi-day itinerary respects daily end time and distributes attractions
  ---
  duration_ms: 2.059614
  type: 'test'
  ...
# Subtest: day headings are rendered for English, Arabic, Indonesian, and Malay
ok 64 - day headings are rendered for English, Arabic, Indonesian, and Malay
  ---
  duration_ms: 12.605019
  type: 'test'
  ...
# Subtest: Generate Itinerary button controls planner generation workflow
ok 65 - Generate Itinerary button controls planner generation workflow
  ---
  duration_ms: 3.078213
  type: 'test'
  ...
# Subtest: main planner render hides internal verification labels from itinerary UI
ok 66 - main planner render hides internal verification labels from itinerary UI
  ---
  duration_ms: 4.578888
  type: 'test'
  ...
# Subtest: itinerary screen uses saved snapshots, clear trip actions, print styles, and sanitized planner wording
ok 67 - itinerary screen uses saved snapshots, clear trip actions, print styles, and sanitized planner wording
  ---
  duration_ms: 3.616668
  type: 'test'
  ...
# Subtest: planner validation and pre-generation messages are translated
ok 68 - planner validation and pre-generation messages are translated
  ---
  duration_ms: 0.167033
  type: 'test'
  ...
# Subtest: supports switching among English, Arabic, Bahasa Indonesia, Bahasa Melayu, Turkish, and French
ok 69 - supports switching among English, Arabic, Bahasa Indonesia, Bahasa Melayu, Turkish, and French
  ---
  duration_ms: 0.177132
  type: 'test'
  ...
# Subtest: Malay language support is complete and uses Malaysian terminology
ok 70 - Malay language support is complete and uses Malaysian terminology
  ---
  duration_ms: 5.021865
  type: 'test'
  ...
# Subtest: Turkish language support is complete and uses Turkish terminology
ok 71 - Turkish language support is complete and uses Turkish terminology
  ---
  duration_ms: 4.851599
  type: 'test'
  ...
# Subtest: Malay prayer labels use common Malaysian forms
ok 72 - Malay prayer labels use common Malaysian forms
  ---
  duration_ms: 0.184766
  type: 'test'
  ...
# Subtest: package scripts lint source and discover all compiled test files
ok 73 - package scripts lint source and discover all compiled test files
  ---
  duration_ms: 2.311155
  type: 'test'
  ...
# Subtest: offline app shell uses local MapLibre bundle, manifest, and conservative service-worker caching
ok 74 - offline app shell uses local MapLibre bundle, manifest, and conservative service-worker caching
  ---
  duration_ms: 3.587203
  type: 'test'
  ...
# Subtest: SafarOne branding, metadata, manifest, and launch pages are truthful
ok 75 - SafarOne branding, metadata, manifest, and launch pages are truthful
  ---
  duration_ms: 9.62929
  type: 'test'
  ...
# Subtest: saved trips and offline labels are translated in English, Arabic, Indonesian, and Malay
ok 76 - saved trips and offline labels are translated in English, Arabic, Indonesian, and Malay
  ---
  duration_ms: 0.356577
  type: 'test'
  ...
# Subtest: connection indicator is a noninteractive status with offline and temporary online states
ok 77 - connection indicator is a noninteractive status with offline and temporary online states
  ---
  duration_ms: 4.845358
  type: 'test'
  ...
# Subtest: home dashboard groups every feature card with local icons and responsive layout
ok 78 - home dashboard groups every feature card with local icons and responsive layout
  ---
  duration_ms: 5.473633
  type: 'test'
  ...
# Subtest: home group labels are translated for English, Arabic, Indonesian, and Malay
ok 79 - home group labels are translated for English, Arabic, Indonesian, and Malay
  ---
  duration_ms: 0.286496
  type: 'test'
  ...
# Subtest: place reporting builds safe honest report destinations and text
ok 80 - place reporting builds safe honest report destinations and text
  ---
  duration_ms: 1.192822
  type: 'test'
  ...
# Subtest: reporting labels and mapped-place source hooks cover only place features
ok 81 - reporting labels and mapped-place source hooks cover only place features
  ---
  duration_ms: 3.960201
  type: 'test'
  ...
# Subtest: trip sharing builds clean plain text, safe filenames, and ICS calendar exports
ok 82 - trip sharing builds clean plain text, safe filenames, and ICS calendar exports
  ---
  duration_ms: 9.663384
  type: 'test'
  ...
# Subtest: trip sharing UI preserves saved snapshots and print-safe controls
ok 83 - trip sharing UI preserves saved snapshots and print-safe controls
  ---
  duration_ms: 5.803751
  type: 'test'
  ...
# Subtest: provides natural Indonesian interface labels without translating place names
ok 84 - provides natural Indonesian interface labels without translating place names
  ---
  duration_ms: 1.380804
  type: 'test'
  ...
# Subtest: exposes Sample, Unverified, and Verified labels in prototype data
ok 85 - exposes Sample, Unverified, and Verified labels in prototype data
  ---
  duration_ms: 0.207568
  type: 'test'
  ...
# Subtest: performs standard, reverse, and same-currency conversion locally
ok 86 - performs standard, reverse, and same-currency conversion locally
  ---
  duration_ms: 0.236173
  type: 'test'
  ...
# Subtest: supports currency swap calculations without sending amounts to the API
ok 87 - supports currency swap calculations without sending amounts to the API
  ---
  duration_ms: 0.146535
  type: 'test'
  ...
# Subtest: formats two-decimal, zero-decimal, and three-decimal currencies with Intl
ok 88 - formats two-decimal, zero-decimal, and three-decimal currencies with Intl
  ---
  duration_ms: 5.511384
  type: 'test'
  ...
# Subtest: parses English, European, Arabic, Persian, pasted formatting, and zero currency amounts
ok 89 - parses English, European, Arabic, Persian, pasted formatting, and zero currency amounts
  ---
  duration_ms: 1.054524
  type: 'test'
  ...
# Subtest: rejects invalid, ambiguous, negative, and extremely large currency input
ok 90 - rejects invalid, ambiguous, negative, and extremely large currency input
  ---
  duration_ms: 0.175539
  type: 'test'
  ...
# Subtest: money amount and currency search typing update the page without full rerenders
ok 91 - money amount and currency search typing update the page without full rerenders
  ---
  duration_ms: 4.645437
  type: 'test'
  ...
# Subtest: money typing regression inputs remain parseable across desktop, mobile, and languages
ok 92 - money typing regression inputs remain parseable across desktop, mobile, and languages
  ---
  duration_ms: 0.639116
  type: 'test'
  ...
# Subtest: validates Frankfurter currency and rate responses
ok 93 - validates Frankfurter currency and rate responses
  ---
  duration_ms: 0.532537
  type: 'test'
  ...
# Subtest: derives history stats from Frankfurter v2 EUR-based rows
ok 94 - derives history stats from Frankfurter v2 EUR-based rows
  ---
  duration_ms: 0.331711
  type: 'test'
  ...
# Subtest: supports cached-rate fallback helpers and offline cache misses
ok 95 - supports cached-rate fallback helpers and offline cache misses
  ---
  duration_ms: 0.25607
  type: 'test'
  ...
# Subtest: currency rate and history cache keys isolate direction, period, date range, and expiry
ok 96 - currency rate and history cache keys isolate direction, period, date range, and expiry
  ---
  duration_ms: 0.372788
  type: 'test'
  ...
# Subtest: searches currencies by code, English, Arabic, Indonesian, Malay, Turkish, and country
ok 97 - searches currencies by code, English, Arabic, Indonesian, Malay, Turkish, and country
  ---
  duration_ms: 0.313447
  type: 'test'
  ...
# Subtest: uses destination default currency from city money data
ok 98 - uses destination default currency from city money data
  ---
  duration_ms: 0.107842
  type: 'test'
  ...
# Subtest: formats amounts for English, Arabic, Indonesian, Malay, and Turkish modes
ok 99 - formats amounts for English, Arabic, Indonesian, Malay, and Turkish modes
  ---
  duration_ms: 0.508782
  type: 'test'
  ...
# Subtest: shared HTTP utility classifies statuses, timeouts, aborts, offline, and malformed JSON
ok 100 - shared HTTP utility classifies statuses, timeouts, aborts, offline, and malformed JSON
  ---
  duration_ms: 36.724427
  type: 'test'
  ...
# Subtest: calculates Qibla bearings for major cities
ok 101 - calculates Qibla bearings for major cities
  ---
  duration_ms: 0.401812
  type: 'test'
  ...
# Subtest: Qibla live compass only accepts reliable absolute headings
ok 102 - Qibla live compass only accepts reliable absolute headings
  ---
  duration_ms: 4.531451
  type: 'test'
  ...
# Subtest: Qibla compass updates are throttled without rebuilding the page for heading movement
ok 103 - Qibla compass updates are throttled without rebuilding the page for heading movement
  ---
  duration_ms: 10.329587
  type: 'test'
  ...
# Subtest: in-flight route geometry handles bearings, midpoint, Date Line, polar paths, and waypoints
ok 104 - in-flight route geometry handles bearings, midpoint, Date Line, polar paths, and waypoints
  ---
  duration_ms: 3.371459
  type: 'test'
  ...
# Subtest: in-flight position source chooses fresh GPS, stale fallback, low accuracy, progress clamp, and derived track
ok 105 - in-flight position source chooses fresh GPS, stale fallback, low accuracy, progress clamp, and derived track
  ---
  duration_ms: 5.656425
  type: 'test'
  ...
# Subtest: in-flight prayer snapshots are finite, ordered, UTC-based, and cover supported methods
ok 106 - in-flight prayer snapshots are finite, ordered, UTC-based, and cover supported methods
  ---
  duration_ms: 4.705606
  type: 'test'
  ...
# Subtest: in-flight flight-plan storage validates, recovers, migrates, and clears safely
ok 107 - in-flight flight-plan storage validates, recovers, migrates, and clears safely
  ---
  duration_ms: 3.466406
  type: 'test'
  ...
# Subtest: in-flight mode is bundled, localized, route-discoverable, and avoids magnetic compass dependency
ok 108 - in-flight mode is bundled, localized, route-discoverable, and avoids magnetic compass dependency
  ---
  duration_ms: 7.83416
  type: 'test'
  ...
# Subtest: shared external URL sanitizer accepts only HTTP and HTTPS links
ok 109 - shared external URL sanitizer accepts only HTTP and HTTPS links
  ---
  duration_ms: 0.976898
  type: 'test'
  ...
# Subtest: calculates distance between nearby coordinates
ok 110 - calculates distance between nearby coordinates
  ---
  duration_ms: 0.211275
  type: 'test'
  ...
# Subtest: classifies OpenStreetMap prayer place results
ok 111 - classifies OpenStreetMap prayer place results
  ---
  duration_ms: 0.718765
  type: 'test'
  ...
# Subtest: marks incomplete prayer place information as unverified
ok 112 - marks incomplete prayer place information as unverified
  ---
  duration_ms: 6.601765
  type: 'test'
  ...
# Subtest: includes translated prayer-space denied and empty states
ok 113 - includes translated prayer-space denied and empty states
  ---
  duration_ms: 0.148207
  type: 'test'
  ...
# Subtest: english place names prefer name:en
ok 114 - english place names prefer name:en
  ---
  duration_ms: 1.904745
  type: 'test'
  ...
# Subtest: english place names convert Arabic without name:en
ok 115 - english place names convert Arabic without name:en
  ---
  duration_ms: 2.978053
  type: 'test'
  ...
# Subtest: english place names transliterate Persian and Urdu names
ok 116 - english place names transliterate Persian and Urdu names
  ---
  duration_ms: 4.049026
  type: 'test'
  ...
# Subtest: english place names transliterate Hebrew, Cyrillic, and Greek names
ok 117 - english place names transliterate Hebrew, Cyrillic, and Greek names
  ---
  duration_ms: 0.538718
  type: 'test'
  ...
# Subtest: english place names transliterate Chinese, Japanese, and Korean names
ok 118 - english place names transliterate Chinese, Japanese, and Korean names
  ---
  duration_ms: 3.883467
  type: 'test'
  ...
# Subtest: english place names handle mixed Arabic and English plus numbers
ok 119 - english place names handle mixed Arabic and English plus numbers
  ---
  duration_ms: 0.316202
  type: 'test'
  ...
# Subtest: english place names use int_name and fallbacks
ok 120 - english place names use int_name and fallbacks
  ---
  duration_ms: 0.290173
  type: 'test'
  ...
# Subtest: optional metadata helper never invents prayer-place fallback values
ok 121 - optional metadata helper never invents prayer-place fallback values
  ---
  duration_ms: 0.175869
  type: 'test'
  ...
# Subtest: normalization keeps original name internally but displays Latin only
ok 122 - normalization keeps original name internally but displays Latin only
  ---
  duration_ms: 0.750524
  type: 'test'
  ...
# Subtest: OSM-derived feature links reject unsafe protocols
ok 123 - OSM-derived feature links reject unsafe protocols
  ---
  duration_ms: 3.440798
  type: 'test'
  ...
# Subtest: classifies structured halal restaurant tags without unsafe assumptions
ok 124 - classifies structured halal restaurant tags without unsafe assumptions
  ---
  duration_ms: 0.418143
  type: 'test'
  ...
# Subtest: normalizes halal restaurants from node, way, and relation coordinates
ok 125 - normalizes halal restaurants from node, way, and relation coordinates
  ---
  duration_ms: 0.713836
  type: 'test'
  ...
# Subtest: deduplicates node and way records for the same physical restaurant
ok 126 - deduplicates node and way records for the same physical restaurant
  ---
  duration_ms: 0.538859
  type: 'test'
  ...
# Subtest: filters and sorts halal restaurants by cuisine, open-now, and nearest
ok 127 - filters and sorts halal restaurants by cuisine, open-now, and nearest
  ---
  duration_ms: 1.816119
  type: 'test'
  ...
# Subtest: handles invalid opening hours, missing address, fallback names, and transliteration
ok 128 - handles invalid opening hours, missing address, fallback names, and transliteration
  ---
  duration_ms: 1.249258
  type: 'test'
  ...
# Subtest: parses opening hours using destination-local timezone with fixed dates
ok 129 - parses opening hours using destination-local timezone with fixed dates
  ---
  duration_ms: 3.652055
  type: 'test'
  ...
# Subtest: opening hours respect Tokyo, London, and New York destination timezones
ok 130 - opening hours respect Tokyo, London, and New York destination timezones
  ---
  duration_ms: 1.061987
  type: 'test'
  ...
# Subtest: open-now filtering uses confirmed destination-local opening state across mapped features
ok 131 - open-now filtering uses confirmed destination-local opening state across mapped features
  ---
  duration_ms: 2.746159
  type: 'test'
  ...
# Subtest: includes halal restaurant timeout, cache, denial, empty, and language labels
ok 132 - includes halal restaurant timeout, cache, denial, empty, and language labels
  ---
  duration_ms: 0.164027
  type: 'test'
  ...
# Subtest: classifies public toilet access from structured OpenStreetMap tags
ok 133 - classifies public toilet access from structured OpenStreetMap tags
  ---
  duration_ms: 0.305522
  type: 'test'
  ...
# Subtest: interprets public toilet fees, wheelchair access, and baby-changing tags
ok 134 - interprets public toilet fees, wheelchair access, and baby-changing tags
  ---
  duration_ms: 0.204633
  type: 'test'
  ...
# Subtest: normalizes public toilets from node, way, and relation coordinates
ok 135 - normalizes public toilets from node, way, and relation coordinates
  ---
  duration_ms: 1.17048
  type: 'test'
  ...
# Subtest: deduplicates, filters, and sorts public toilets
ok 136 - deduplicates, filters, and sorts public toilets
  ---
  duration_ms: 1.169268
  type: 'test'
  ...
# Subtest: uses safe public toilet fallbacks and Latin-readable names
ok 137 - uses safe public toilet fallbacks and Latin-readable names
  ---
  duration_ms: 0.967851
  type: 'test'
  ...
# Subtest: builds bounded toilet Overpass queries and includes toilet language states
ok 138 - builds bounded toilet Overpass queries and includes toilet language states
  ---
  duration_ms: 0.221605
  type: 'test'
  ...
# Subtest: classifies structured car-rental office tags and excludes other vehicle services
ok 139 - classifies structured car-rental office tags and excludes other vehicle services
  ---
  duration_ms: 0.202879
  type: 'test'
  ...
# Subtest: normalizes car-rental offices from node, area centre, and multipolygon centre coordinates
ok 140 - normalizes car-rental offices from node, area centre, and multipolygon centre coordinates
  ---
  duration_ms: 1.180288
  type: 'test'
  ...
# Subtest: uses safe car-rental names, brand/operator fallbacks, and missing-name fallback
ok 141 - uses safe car-rental names, brand/operator fallbacks, and missing-name fallback
  ---
  duration_ms: 1.052159
  type: 'test'
  ...
# Subtest: classifies car-rental office context without broad assumptions
ok 142 - classifies car-rental office context without broad assumptions
  ---
  duration_ms: 0.302466
  type: 'test'
  ...
# Subtest: deduplicates, filters, and sorts car-rental offices
ok 143 - deduplicates, filters, and sorts car-rental offices
  ---
  duration_ms: 1.30909
  type: 'test'
  ...
# Subtest: validates car-rental official website URLs safely
ok 144 - validates car-rental official website URLs safely
  ---
  duration_ms: 0.162775
  type: 'test'
  ...
# Subtest: builds bounded car-rental Overpass queries and includes language states
ok 145 - builds bounded car-rental Overpass queries and includes language states
  ---
  duration_ms: 0.248155
  type: 'test'
  ...
# Subtest: classifies public transport from structured OSM tags without name guessing
ok 146 - classifies public transport from structured OSM tags without name guessing
  ---
  duration_ms: 0.289361
  type: 'test'
  ...
# Subtest: normalizes public transport details, safe websites, and destination-local opening state
ok 147 - normalizes public transport details, safe websites, and destination-local opening state
  ---
  duration_ms: 1.507621
  type: 'test'
  ...
# Subtest: deduplicates public transport stations, platforms, and subway entrances carefully
ok 148 - deduplicates public transport stations, platforms, and subway entrances carefully
  ---
  duration_ms: 1.332444
  type: 'test'
  ...
# Subtest: filters and sorts public transport by accessibility, open state, facilities, and type
ok 149 - filters and sorts public transport by accessibility, open state, facilities, and type
  ---
  duration_ms: 1.039345
  type: 'test'
  ...
# Subtest: builds bounded public transport Overpass queries and includes language labels
ok 150 - builds bounded public transport Overpass queries and includes language labels
  ---
  duration_ms: 0.255758
  type: 'test'
  ...
# Subtest: public transport route source handles cache, stale requests, errors, and responsive labels
ok 151 - public transport route source handles cache, stale requests, errors, and responsive labels
  ---
  duration_ms: 31.039616
  type: 'test'
  ...
# Subtest: classifies taxi services conservatively from structured tags
ok 152 - classifies taxi services conservatively from structured tags
  ---
  duration_ms: 0.927807
  type: 'test'
  ...
# Subtest: normalizes taxi nodes, areas, phones, websites, and destination-local opening state
ok 153 - normalizes taxi nodes, areas, phones, websites, and destination-local opening state
  ---
  duration_ms: 1.463569
  type: 'test'
  ...
# Subtest: taxi optional metadata stays empty unless source data provides it
ok 154 - taxi optional metadata stays empty unless source data provides it
  ---
  duration_ms: 0.666728
  type: 'test'
  ...
# Subtest: normalizes taxi phones conservatively
ok 155 - normalizes taxi phones conservatively
  ---
  duration_ms: 0.201136
  type: 'test'
  ...
# Subtest: deduplicates, filters, and sorts taxi services safely
ok 156 - deduplicates, filters, and sorts taxi services safely
  ---
  duration_ms: 1.664284
  type: 'test'
  ...
# Subtest: builds bounded taxi Overpass queries and includes labels
ok 157 - builds bounded taxi Overpass queries and includes labels
  ---
  duration_ms: 0.289401
  type: 'test'
  ...
# Subtest: taxi route source handles cache, stale requests, errors, and mobile labels
ok 158 - taxi route source handles cache, stale requests, errors, and mobile labels
  ---
  duration_ms: 18.162448
  type: 'test'
  ...
# Subtest: validates current, hourly, and daily Open-Meteo weather responses
ok 159 - validates current, hourly, and daily Open-Meteo weather responses
  ---
  duration_ms: 3.712717
  type: 'test'
  ...
# Subtest: rejects missing or malformed weather API data
ok 160 - rejects missing or malformed weather API data
  ---
  duration_ms: 2.220656
  type: 'test'
  ...
# Subtest: optional weather values stay unavailable instead of becoming zero
ok 161 - optional weather values stay unavailable instead of becoming zero
  ---
  duration_ms: 0.81217
  type: 'test'
  ...
# Subtest: interprets WMO weather codes without exposing raw codes
ok 162 - interprets WMO weather codes without exposing raw codes
  ---
  duration_ms: 0.212558
  type: 'test'
  ...
# Subtest: formats weather units and builds configurable Open-Meteo URLs
ok 163 - formats weather units and builds configurable Open-Meteo URLs
  ---
  duration_ms: 0.420587
  type: 'test'
  ...
# Subtest: weather cache key source includes location, timezone, all units, duration, and model version
ok 164 - weather cache key source includes location, timezone, all units, duration, and model version
  ---
  duration_ms: 5.032237
  type: 'test'
  ...
# Subtest: selects hourly, daily, travel-indicator, cached, and prayer weather data
ok 165 - selects hourly, daily, travel-indicator, cached, and prayer weather data
  ---
  duration_ms: 2.266752
  type: 'test'
  ...
# Subtest: includes weather state and language labels
ok 166 - includes weather state and language labels
  ---
  duration_ms: 0.183754
  type: 'test'
  ...
# Subtest: discovers structured OpenStreetMap attractions and excludes ordinary places
ok 167 - discovers structured OpenStreetMap attractions and excludes ordinary places
  ---
  duration_ms: 0.19228
  type: 'test'
  ...
# Subtest: classifies attraction categories from structured tags
ok 168 - classifies attraction categories from structured tags
  ---
  duration_ms: 0.199053
  type: 'test'
  ...
# Subtest: normalizes attraction coordinates, names, fallbacks, and distance
ok 169 - normalizes attraction coordinates, names, fallbacks, and distance
  ---
  duration_ms: 0.912278
  type: 'test'
  ...
# Subtest: prioritizes English attraction names from source tags
ok 170 - prioritizes English attraction names from source tags
  ---
  duration_ms: 0.343513
  type: 'test'
  ...
# Subtest: matches exact attraction sources and rejects ambiguous matches
ok 171 - matches exact attraction sources and rejects ambiguous matches
  ---
  duration_ms: 0.410849
  type: 'test'
  ...
# Subtest: handles Wikimedia Commons metadata, licences, and placeholders
ok 172 - handles Wikimedia Commons metadata, licences, and placeholders
  ---
  duration_ms: 0.954486
  type: 'test'
  ...
# Subtest: builds CORS-compatible attraction image URLs and parses Commons filenames
ok 173 - builds CORS-compatible attraction image URLs and parses Commons filenames
  ---
  duration_ms: 1.599193
  type: 'test'
  ...
# Subtest: reads Wikidata P18 and reusable Commons licence metadata
ok 174 - reads Wikidata P18 and reusable Commons licence metadata
  ---
  duration_ms: 0.444462
  type: 'test'
  ...
# Subtest: accepts high-confidence Commons search results and rejects ambiguous images
ok 175 - accepts high-confidence Commons search results and rejects ambiguous images
  ---
  duration_ms: 0.706102
  type: 'test'
  ...
# Subtest: creates English summaries from Wikipedia, Wikidata, and OSM descriptions
ok 176 - creates English summaries from Wikipedia, Wikidata, and OSM descriptions
  ---
  duration_ms: 0.700862
  type: 'test'
  ...
# Subtest: deduplicates, filters, sorts, and queries attractions
ok 177 - deduplicates, filters, sorts, and queries attractions
  ---
  duration_ms: 2.579487
  type: 'test'
  ...
# Subtest: includes attraction state and language labels while keeping content English
ok 178 - includes attraction state and language labels while keeping content English
  ---
  duration_ms: 0.203521
  type: 'test'
  ...
# Subtest: attraction search uses fallback endpoints, partial batches, and retry-only timeout UI
ok 179 - attraction search uses fallback endpoints, partial batches, and retry-only timeout UI
  ---
  duration_ms: 19.57409
  type: 'test'
  ...
# Subtest: prayer-space searches ignore stale success and error completions
ok 180 - prayer-space searches ignore stale success and error completions
  ---
  duration_ms: 2.640291
  type: 'test'
  ...
# Subtest: audited async feature searches isolate stale completions
ok 181 - audited async feature searches isolate stale completions
  ---
  duration_ms: 2.70932
  type: 'test'
  ...
# Subtest: geolocation callbacks are invalidated by newer searches across async features
ok 182 - geolocation callbacks are invalidated by newer searches across async features
  ---
  duration_ms: 2.787297
  type: 'test'
  ...
# Subtest: mapped feature opening status is recalculated with captured destination timezone
ok 183 - mapped feature opening status is recalculated with captured destination timezone
  ---
  duration_ms: 2.799068
  type: 'test'
  ...
# Subtest: money rate and history requests are tied to the active pair and range
ok 184 - money rate and history requests are tied to the active pair and range
  ---
  duration_ms: 2.899145
  type: 'test'
  ...
# Subtest: map-search failure states render retry actions without endless loading
ok 185 - map-search failure states render retry actions without endless loading
  ---
  duration_ms: 2.792215
  type: 'test'
  ...
# Subtest: attraction page progressively loads images before final missing-image fallback
ok 186 - attraction page progressively loads images before final missing-image fallback
  ---
  duration_ms: 3.033406
  type: 'test'
  ...
# Subtest: halal Overpass query filters explicit halal evidence instead of every food venue
ok 187 - halal Overpass query filters explicit halal evidence instead of every food venue
  ---
  duration_ms: 0.228527
  type: 'test'
  ...
# Subtest: OSM Commons tags and Wikidata P18 can enrich attraction photos
ok 188 - OSM Commons tags and Wikidata P18 can enrich attraction photos
  ---
  duration_ms: 0.401632
  type: 'test'
  ...
# Subtest: rendered prayer-place titles use the shared English-name safety function
ok 189 - rendered prayer-place titles use the shared English-name safety function
  ---
  duration_ms: 3.964298
  type: 'test'
  ...
# Subtest: mapped feature cards omit missing optional rows and avoid duplicate opening-hours fallback text
ok 190 - mapped feature cards omit missing optional rows and avoid duplicate opening-hours fallback text
  ---
  duration_ms: 2.967754
  type: 'test'
  ...
# Subtest: native build keeps GitHub Pages web build separate from Capacitor assets
ok 191 - native build keeps GitHub Pages web build separate from Capacitor assets
  ---
  duration_ms: 1.772667
  type: 'test'
  ...
# Subtest: native platform helpers use official Capacitor bridges with web fallbacks
ok 192 - native platform helpers use official Capacitor bridges with web fallbacks
  ---
  duration_ms: 1.781604
  type: 'test'
  ...
# Subtest: iOS project is configured for SafarOne TestFlight preparation without hardcoded signing
ok 193 - iOS project is configured for SafarOne TestFlight preparation without hardcoded signing
  ---
  duration_ms: 1.763801
  type: 'test'
  ...
# Subtest: iOS localized location permission strings exist in all launch languages
ok 194 - iOS localized location permission strings exist in all launch languages
  ---
  duration_ms: 2.962825
  type: 'test'
  ...
# Subtest: iOS app icon asset catalog references generated opaque master-derived files
ok 195 - iOS app icon asset catalog references generated opaque master-derived files
  ---
  duration_ms: 1.608781
  type: 'test'
  ...
# Subtest: iOS launch screen uses emerald background and local SafarOne symbol
ok 196 - iOS launch screen uses emerald background and local SafarOne symbol
  ---
  duration_ms: 0.97243
  type: 'test'
  ...
# Subtest: iOS prayer notifications use official Local Notifications without custom Athan audio bundling
ok 197 - iOS prayer notifications use official Local Notifications without custom Athan audio bundling
  ---
  duration_ms: 1.446968
  type: 'test'
  ...
# Subtest: TestFlight and iOS privacy documentation are present and accurate
ok 198 - TestFlight and iOS privacy documentation are present and accurate
  ---
  duration_ms: 1.158759
  type: 'test'
  ...
# Subtest: only explicit prayer places and the real Al-Aqsa compound parent are allowed
ok 199 - only explicit prayer places and the real Al-Aqsa compound parent are allowed
  ---
  duration_ms: 3.402547
  type: 'test'
  ...
# Subtest: the Al-Aqsa compound parent becomes a proper Al-Aqsa Mosque result
ok 200 - the Al-Aqsa compound parent becomes a proper Al-Aqsa Mosque result
  ---
  duration_ms: 0.463066
  type: 'test'
  ...
# Subtest: Al-Aqsa clinics and other non-prayer records are removed from every payload
ok 201 - Al-Aqsa clinics and other non-prayer records are removed from every payload
  ---
  duration_ms: 1.26144
  type: 'test'
  ...
# Subtest: the committed Jerusalem snapshot contains Al-Aqsa and excludes the clinic after sanitizing
ok 202 - the committed Jerusalem snapshot contains Al-Aqsa and excludes the clinic after sanitizing
  ---
  duration_ms: 4.589759
  type: 'test'
  ...
# Subtest: invalid payloads are rejected instead of entering the prayer cache
ok 203 - invalid payloads are rejected instead of entering the prayer cache
  ---
  duration_ms: 0.223528
  type: 'test'
  ...
# Subtest: committed Jerusalem snapshot is populated and includes Al-Aqsa
ok 204 - committed Jerusalem snapshot is populated and includes Al-Aqsa
  ---
  duration_ms: 1.838771
  type: 'test'
  ...
# Subtest: form-encoded prayer queries are detected correctly
ok 205 - form-encoded prayer queries are detected correctly
  ---
  duration_ms: 0.455092
  type: 'test'
  ...
# Subtest: successful prayer results persist and remain available without expiration
ok 206 - successful prayer results persist and remain available without expiration
  ---
  duration_ms: 1.622226
  type: 'test'
  ...
# Subtest: Jerusalem snapshot supplies nearby records and filters distant records
ok 207 - Jerusalem snapshot supplies nearby records and filters distant records
  ---
  duration_ms: 0.651209
  type: 'test'
  ...
# Subtest: Jerusalem snapshot is not used for unrelated cities
ok 208 - Jerusalem snapshot is not used for unrelated cities
  ---
  duration_ms: 0.276137
  type: 'test'
  ...
# Subtest: fallback ignores malformed persistent data and uses the bundled snapshot
ok 209 - fallback ignores malformed persistent data and uses the bundled snapshot
  ---
  duration_ms: 0.268082
  type: 'test'
  ...
# Subtest: only temporary failures at the last provider are replaced by fallback data
ok 210 - only temporary failures at the last provider are replaced by fallback data
  ---
  duration_ms: 0.308387
  type: 'test'
  ...
# Subtest: broken Latin names remain usable without displaying garbage
ok 211 - broken Latin names remain usable without displaying garbage
  ---
  duration_ms: 7.916935
  type: 'test'
  ...
# Subtest: generic-only names use an honest neutral label
ok 212 - generic-only names use an honest neutral label
  ---
  duration_ms: 0.377697
  type: 'test'
  ...
# Subtest: obvious non-Muslim places are excluded in every city
ok 213 - obvious non-Muslim places are excluded in every city
  ---
  duration_ms: 0.490077
  type: 'test'
  ...
# Subtest: Arabic names are converted into readable English when confidence is high
ok 214 - Arabic names are converted into readable English when confidence is high
  ---
  duration_ms: 3.640022
  type: 'test'
  ...
# Subtest: facility wording is standardized without damaging natural English order
ok 215 - facility wording is standardized without damaging natural English order
  ---
  duration_ms: 2.406464
  type: 'test'
  ...
# Subtest: nearby wording variants share one identity worldwide
ok 216 - nearby wording variants share one identity worldwide
  ---
  duration_ms: 0.436587
  type: 'test'
  ...
# Subtest: same-named mosques far apart retain different identities
ok 217 - same-named mosques far apart retain different identities
  ---
  duration_ms: 0.562944
  type: 'test'
  ...
# Subtest: unnamed facilities keep source-specific identities to avoid false merging
ok 218 - unnamed facilities keep source-specific identities to avoid false merging
  ---
  duration_ms: 0.396472
  type: 'test'
  ...
# Subtest: valid capitalization is preserved
ok 219 - valid capitalization is preserved
  ---
  duration_ms: 0.564326
  type: 'test'
  ...
# Subtest: all internal Al-Aqsa compound prayer structures are grouped under the main mosque
ok 220 - all internal Al-Aqsa compound prayer structures are grouped under the main mosque
  ---
  duration_ms: 2.62916
  type: 'test'
  ...
# Subtest: Al-Aqsa Mosque itself remains in the prayer-place list
ok 221 - Al-Aqsa Mosque itself remains in the prayer-place list
  ---
  duration_ms: 2.342083
  type: 'test'
  ...
# Subtest: Al-Aqsa parent objects without normal mosque tags are still accepted
ok 222 - Al-Aqsa parent objects without normal mosque tags are still accepted
  ---
  duration_ms: 4.576104
  type: 'test'
  ...
# Subtest: Al-Aqsa multilingual name selectors are added only for nearby searches
ok 223 - Al-Aqsa multilingual name selectors are added only for nearby searches
  ---
  duration_ms: 0.520555
  type: 'test'
  ...
# Subtest: similarly named places outside the compound are not globally hidden
ok 224 - similarly named places outside the compound are not globally hidden
  ---
  duration_ms: 2.278433
  type: 'test'
  ...
# Subtest: broken and generic Jerusalem names become neutral labels instead of disappearing
ok 225 - broken and generic Jerusalem names become neutral labels instead of disappearing
  ---
  duration_ms: 1.185459
  type: 'test'
  ...
# Subtest: obvious non-Muslim places are rejected even when source tags are wrong
ok 226 - obvious non-Muslim places are rejected even when source tags are wrong
  ---
  duration_ms: 0.338083
  type: 'test'
  ...
# Subtest: common Jerusalem mosque names are normalized consistently
ok 227 - common Jerusalem mosque names are normalized consistently
  ---
  duration_ms: 2.04641
  type: 'test'
  ...
# Subtest: duplicate OSM records receive the same Jerusalem identity
ok 228 - duplicate OSM records receive the same Jerusalem identity
  ---
  duration_ms: 0.721781
  type: 'test'
  ...
# Subtest: normalizes and deduplicates safe HTTPS provider endpoints
ok 229 - normalizes and deduplicates safe HTTPS provider endpoints
  ---
  duration_ms: 2.215717
  type: 'test'
  ...
# Subtest: temporarily deprioritizes providers after repeated transient failures
ok 230 - temporarily deprioritizes providers after repeated transient failures
  ---
  duration_ms: 0.53984
  type: 'test'
  ...
# Subtest: rate limits block immediately and success resets health
ok 231 - rate limits block immediately and success resets health
  ---
  duration_ms: 0.430034
  type: 'test'
  ...
# Subtest: Qibla enhancement uses clear copy and keeps fixed bearing before compass permission
not ok 232 - Qibla enhancement uses clear copy and keeps fixed bearing before compass permission
  ---
  duration_ms: 11.690011
  type: 'test'
  location: '/home/runner/work/muslim-travel-planner/muslim-travel-planner/dist-test/qibla-copy-bootstrap.test.js:7:1'
  failureType: 'testCodeFailure'
  error: |-
    Expected values to be strictly equal:
    
    false !== true
    
  code: 'ERR_ASSERTION'
  name: 'AssertionError'
  expected: true
  actual: false
  operator: 'strictEqual'
  stack: |-
    TestContext.<anonymous> (file:///home/runner/work/muslim-travel-planner/muslim-travel-planner/dist-test/qibla-copy-bootstrap.test.js:11:12)
    async Test.run (node:internal/test_runner/test:1054:7)
    async startSubtestAfterBootstrap (node:internal/test_runner/harness:296:3)
  ...
# Subtest: live compass button translation stays synchronized across languages
ok 233 - live compass button translation stays synchronized across languages
  ---
  duration_ms: 1.119064
  type: 'test'
  ...
# Subtest: future-flight GPS fixes do not replace the scheduled route estimate
ok 234 - future-flight GPS fixes do not replace the scheduled route estimate
  ---
  duration_ms: 2.808506
  type: 'test'
  ...
# Subtest: release hardening remains wired into source and native configuration
ok 235 - release hardening remains wired into source and native configuration
  ---
  duration_ms: 16.613263
  type: 'test'
  ...
# Subtest: temporary storage is identified as non-persistent outside a browser
ok 236 - temporary storage is identified as non-persistent outside a browser
  ---
  duration_ms: 0.278701
  type: 'test'
  ...
# Subtest: money parsing respects locale decimal separators
ok 237 - money parsing respects locale decimal separators
  ---
  duration_ms: 27.642589
  type: 'test'
  ...
# Subtest: travel detail validation rejects impossible or nonexistent local dates
ok 238 - travel detail validation rejects impossible or nonexistent local dates
  ---
  duration_ms: 14.660074
  type: 'test'
  ...
# Subtest: halal restaurant searches use focused queries and usable provider timeouts
ok 239 - halal restaurant searches use focused queries and usable provider timeouts
  ---
  duration_ms: 0.480228
  type: 'test'
  ...
# Subtest: external map fields are escaped before insertion
ok 240 - external map fields are escaped before insertion
  ---
  duration_ms: 14.343507
  type: 'test'
  ...
# Subtest: service worker deletes only SafarOne caches and invalidates the previous shell
not ok 241 - service worker deletes only SafarOne caches and invalidates the previous shell
  ---
  duration_ms: 3.448143
  type: 'test'
  location: '/home/runner/work/muslim-travel-planner/muslim-travel-planner/dist-test/release-hardening.test.js:50:1'
  failureType: 'testCodeFailure'
  error: |-
    The input did not match the regular expression /mtp-app-shell-v15/. Input:
    
    "const CACHE_PREFIX = 'mtp-app-shell-';\n" +
      "const CACHE_VERSION = 'mtp-app-shell-v16';\n" +
      'const APP_SCOPE = new URL(self.registration.scope);\n' +
      "const APP_HOME = new URL('./', APP_SCOPE).toString();\n" +
      'const APP_SHELL = [\n' +
      '  APP_HOME,\n' +
      "  new URL('./privacy.html', APP_SCOPE).toString(),\n" +
      "  new URL('./support.html', APP_SCOPE).toString(),\n" +
      "  new URL('./manifest.webmanifest', APP_SCOPE).toString(),\n" +
      "  new URL('./icons/icon.svg', APP_SCOPE).toString(),\n" +
      "  new URL('./vendor/mapbox-gl-rtl-text.js', APP_SCOPE).toString()\n" +
      '];\n' +
      '\n' +
      'const isSameOrigin = (request) => new URL(request.url).origin === self.location.origin;\n' +
      'const isLiveApi = (request) => {\n' +
      '  const url = new URL(request.url);\n' +
      '  return /overpass|open-meteo|frankfurter|wikimedia|wikidata|wikipedia|nominatim/i.test(url.hostname);\n' +
      '};\n' +
      '\n' +
      "self.addEventListener('install', (event) => {\n" +
      '  event.waitUntil(caches.open(CACHE_VERSION).then((cache) => cache.addAll(APP_SHELL)).then(() => self.skipWaiting()));\n' +
      '});\n' +
      '\n' +
      "self.addEventListener('activate', (event) => {\n" +
      '  event.waitUntil(caches.keys().then((keys) => Promise.all(keys.filter((key) => key.startsWith(CACHE_PREFIX) && key !== CACHE_VERSION).map((key) => caches.delete(key)))).then(() => self.clients.claim()));\n' +
      '});\n' +
      '\n' +
      "self.addEventListener('fetch', (event) => {\n" +
      '  const request = event.request;\n' +
      "  if (request.method !== 'GET' || !isSameOrigin(request) || isLiveApi(request)) return;\n" +
      '\n' +
      "  if (request.mode === 'navigate') {\n" +
      '    event.respondWith(fetch(request).then(async (response) => {\n' +
      '      if (response.ok) {\n' +
      '        const copy = response.clone();\n' +
      '        const cache = await caches.open(CACHE_VERSION);\n' +
      '        await cache.put(request, copy);\n' +
      '      }\n' +
      '      return response;\n' +
      '    }).catch(async () => {\n' +
      '      const requestUrl = new URL(request.url);\n' +
      "      const legalPage = requestUrl.pathname.endsWith('/privacy.html') ? new URL('./privacy.html', APP_SCOPE).toString()\n" +
      "        : requestUrl.pathname.endsWith('/support.html') ? new URL('./support.html', APP_SCOPE).toString()\n" +
      "          : '';\n" +
      '      return (await caches.match(request)) ?? (legalPage ? await caches.match(legalPage) : undefined) ?? (await caches.match(APP_HOME)) ?? Response.error();\n' +
      '    }));\n' +
      '    return;\n' +
      '  }\n' +
      '\n' +
      '  event.respondWith(caches.match(request).then(async (cached) => {\n' +
      '    const network = fetch(request).then((response) => {\n' +
      "      if (response.ok && ['script', 'style', 'image', 'font'].includes(request.destination)) {\n" +
      '        const copy = response.clone();\n' +
      '        void caches.open(CACHE_VERSION).then((cache) => cache.put(request, copy));\n' +
      '      }\n' +
      '      return response;\n' +
      '    });\n' +
      '    if (cached) {\n' +
      '      event.waitUntil(network.then(() => undefined).catch(() => undefined));\n' +
      '      return cached;\n' +
      '    }\n' +
      '    return network;\n' +
      '  }));\n' +
      '});\n'
    
  code: 'ERR_ASSERTION'
  name: 'AssertionError'
  expected:
  actual: |-
    const CACHE_PREFIX = 'mtp-app-shell-';
    const CACHE_VERSION = 'mtp-app-shell-v16';
    const APP_SCOPE = new URL(self.registration.scope);
    const APP_HOME = new URL('./', APP_SCOPE).toString();
    const APP_SHELL = [
      APP_HOME,
      new URL('./privacy.html', APP_SCOPE).toString(),
      new URL('./support.html', APP_SCOPE).toString(),
      new URL('./manifest.webmanifest', APP_SCOPE).toString(),
      new URL('./icons/icon.svg', APP_SCOPE).toString(),
      new URL('./vendor/mapbox-gl-rtl-text.js', APP_SCOPE).toString()
    ];
    
    const isSameOrigin = (request) => new URL(request.url).origin === self.location.origin;
    const isLiveApi = (request) => {
      const url = new URL(request.url);
      return /overpass|open-meteo|frankfurter|wikimedia|wikidata|wikipedia|nominatim/i.test(url.hostname);
    };
    
    self.addEventListener('install', (event) => {
      event.waitUntil(caches.open(CACHE_VERSION).then((cache) => cache.addAll(APP_SHELL)).then(() => self.skipWaiting()));
    });
    
    self.addEventListener('activate', (event) => {
      event.waitUntil(caches.keys().then((keys) => Promise.all(keys.filter((key) => key.startsWith(CACHE_PREFIX) && key !== CACHE_VERSION).map((key) => caches.delete(key)))).then(() => self.clients.claim()));
    });
    
    self.addEventListener('fetch', (event) => {
      const request = event.request;
      if (request.method !== 'GET' || !isSameOrigin(request) || isLiveApi(request)) return;
    
      if (request.mode === 'navigate') {
        event.respondWith(fetch(request).then(async (response) => {
          if (response.ok) {
            const copy = response.clone();
            const cache = await caches.open(CACHE_VERSION);
            await cache.put(request, copy);
          }
          return response;
        }).catch(async () => {
          const requestUrl = new URL(request.url);
          const legalPage = requestUrl.pathname.endsWith('/privacy.html') ? new URL('./privacy.html', APP_SCOPE).toString()
            : requestUrl.pathname.endsWith('/support.html') ? new URL('./support.html', APP_SCOPE).toString()
              : '';
          return (await caches.match(request)) ?? (legalPage ? await caches.match(legalPage) : undefined) ?? (await caches.match(APP_HOME)) ?? Response.error();
        }));
        return;
      }
    
      event.respondWith(caches.match(request).then(async (cached) => {
        const network = fetch(request).then((response) => {
          if (response.ok && ['script', 'style', 'image', 'font'].includes(request.destination)) {
            const copy = response.clone();
            void caches.open(CACHE_VERSION).then((cache) => cache.put(request, copy));
          }
          return response;
        });
        if (cached) {
          event.waitUntil(network.then(() => undefined).catch(() => undefined));
          return cached;
        }
        return network;
      }));
    });
    
  operator: 'match'
  stack: |-
    TestContext.<anonymous> (file:///home/runner/work/muslim-travel-planner/muslim-travel-planner/dist-test/release-hardening.test.js:53:12)
    async Test.run (node:internal/test_runner/test:1054:7)
    async Test.processPendingSubtests (node:internal/test_runner/test:744:7)
  ...
# Subtest: a restrictive content security policy is present
ok 242 - a restrictive content security policy is present
  ---
  duration_ms: 8.89725
  type: 'test'
  ...
# Subtest: prayer reliability layer loads before the application and release builds generate a snapshot
not ok 243 - prayer reliability layer loads before the application and release builds generate a snapshot
  ---
  duration_ms: 3.904336
  type: 'test'
  location: '/home/runner/work/muslim-travel-planner/muslim-travel-planner/dist-test/release-hardening.test.js:68:1'
  failureType: 'testCodeFailure'
  error: |-
    Expected values to be strictly equal:
    
    false !== true
    
  code: 'ERR_ASSERTION'
  name: 'AssertionError'
  expected: true
  actual: false
  operator: 'strictEqual'
  stack: |-
    TestContext.<anonymous> (file:///home/runner/work/muslim-travel-planner/muslim-travel-planner/dist-test/release-hardening.test.js:73:12)
    async Test.run (node:internal/test_runner/test:1054:7)
    async Test.processPendingSubtests (node:internal/test_runner/test:744:7)
  ...
# Subtest: prayer notification fallbacks use bundled assets and exact-alarm state
ok 244 - prayer notification fallbacks use bundled assets and exact-alarm state
  ---
  duration_ms: 1.742872
  type: 'test'
  ...
# Subtest: converts local times using their named time zones
ok 245 - converts local times using their named time zones
  ---
  duration_ms: 51.020778
  type: 'test'
  ...
# Subtest: rejects nonexistent DST local times
ok 246 - rejects nonexistent DST local times
  ---
  duration_ms: 3.645371
  type: 'test'
  ...
# Subtest: keeps absolute timestamps absolute and formats ICS UTC
ok 247 - keeps absolute timestamps absolute and formats ICS UTC
  ---
  duration_ms: 0.506658
  type: 'test'
  ...
# Subtest: adds minutes without using the device time zone
ok 248 - adds minutes without using the device time zone
  ---
  duration_ms: 0.334607
  type: 'test'
  ...
# Subtest: Turkish Car Rental copy is complete, natural, and loaded by the app
ok 249 - Turkish Car Rental copy is complete, natural, and loaded by the app
  ---
  duration_ms: 4.454746
  type: 'test'
  ...
# Subtest: Turkish Halal Restaurants copy is complete and natural
ok 250 - Turkish Halal Restaurants copy is complete and natural
  ---
  duration_ms: 1.349976
  type: 'test'
  ...
# Subtest: Turkish public travel-tool copy is complete, natural, and loaded by the app
ok 251 - Turkish public travel-tool copy is complete, natural, and loaded by the app
  ---
  duration_ms: 6.990833
  type: 'test'
  ...
# Subtest: Urdu is a first-class RTL app language
ok 252 - Urdu is a first-class RTL app language
  ---
  duration_ms: 1.055786
  type: 'test'
  ...
# Subtest: Weather and Money layouts prevent page-wide horizontal overflow
ok 253 - Weather and Money layouts prevent page-wide horizontal overflow
  ---
  duration_ms: 5.253451
  type: 'test'
  ...
1..253
# tests 253
# suites 0
# pass 248
# fail 5
# cancelled 0
# skipped 0
# todo 0
# duration_ms 1471.706434
